Archive member included because of file (symbol)

contiki-wismote.a(sdn-core.o)
                              enabled-node.co (sdn_init)
contiki-wismote.a(sdn-send.o)
                              contiki-wismote.a(sdn-core.o) (sdn_send_init)
contiki-wismote.a(sdn-network.o)
                              contiki-wismote.a(sdn-send.o) (sdn_network_send)
contiki-wismote.a(sdn-receive.o)
                              contiki-wismote.a(sdn-network.o) (sdn_receive)
contiki-wismote.a(sdn-packetbuf.o)
                              contiki-wismote.a(sdn-core.o) (sdn_packetbuf_pool_get)
contiki-wismote.a(sdn-debug.o)
                              contiki-wismote.a(sdn-send.o) (print_packet)
contiki-wismote.a(data-flow-table)
                              contiki-wismote.a(sdn-core.o) (sdn_dataflow_init)
contiki-wismote.a(control-flow-ta)
                              contiki-wismote.a(sdn-send.o) (sdn_controlflow_remove_next_hop)
contiki-wismote.a(sdn-addr.o)
                              contiki-wismote.a(sdn-receive.o) (sdnaddr_copy)
contiki-wismote.a(sdn-queue.o)
                              contiki-wismote.a(sdn-send.o) (sdn_send_queue_init)
contiki-wismote.a(sdn-process-pac)
                              contiki-wismote.a(sdn-core.o) (sdn_treat_packet)
contiki-wismote.a(sdn-unknown-rou)
                              contiki-wismote.a(sdn-core.o) (sdn_unknown_route_init)
contiki-wismote.a(sdn-send-packet)
                              contiki-wismote.a(sdn-core.o) (sdn_seq_no)
contiki-wismote.a(null-cd.o)  contiki-wismote.a(sdn-core.o) (null_sdn_cd)
contiki-wismote.a(energy-manager.)
                              contiki-wismote.a(sdn-send-packet) (em_get_battery)
contiki-wismote.a(protocol-commut)
                              contiki-wismote.a(sdn-network.o) (commutator_protocol_driver)
contiki-wismote.a(collect-nd.o)
                              contiki-wismote.a(sdn-core.o) (collect_sdn_nd)
contiki-wismote.a(collectsdn.o)
                              contiki-wismote.a(collect-nd.o) (collect_sdn_open)
contiki-wismote.a(collect-cd.o)
                              contiki-wismote.a(collectsdn.o) (controller_discovery)
contiki-wismote.a(contiki-wismote)
                              obj_wismote/contiki-wismote-main.o (init_platform)
contiki-wismote.a(button-sensor.o)
                              contiki-wismote.a(contiki-wismote) (button_sensor)
contiki-wismote.a(node-id.o)  obj_wismote/contiki-wismote-main.o (node_id)
contiki-wismote.a(sensors.o)  contiki-wismote.a(button-sensor.o) (sensors_changed)
contiki-wismote.a(cc2520.o)   obj_wismote/contiki-wismote-main.o (cc2520_set_channel)
contiki-wismote.a(cc2520-arch.o)
                              contiki-wismote.a(cc2520.o) (cc2520_arch_init)
contiki-wismote.a(uart1.o)    obj_wismote/contiki-wismote-main.o (uart1_active)
contiki-wismote.a(uart1-putchar.o)
                              obj_wismote/contiki-wismote-main.o (putchar)
contiki-wismote.a(msp430.o)   obj_wismote/contiki-wismote-main.o (msp430_cpu_init)
contiki-wismote.a(clock.o)    contiki-wismote.a(collectsdn.o) (clock_time)
contiki-wismote.a(leds.o)     obj_wismote/contiki-wismote-main.o (leds_init)
contiki-wismote.a(leds-arch.o)
                              contiki-wismote.a(leds.o) (leds_arch_init)
contiki-wismote.a(watchdog.o)
                              obj_wismote/contiki-wismote-main.o (watchdog_start)
contiki-wismote.a(rtimer-arch.o)
                              obj_wismote/contiki-wismote-main.o (rtimer_arch_now)
contiki-wismote.a(autostart.o)
                              obj_wismote/contiki-wismote-main.o (autostart_start)
contiki-wismote.a(energest.o)
                              obj_wismote/contiki-wismote-main.o (energest_init)
contiki-wismote.a(ctimer.o)   obj_wismote/contiki-wismote-main.o (ctimer_init)
contiki-wismote.a(etimer.o)   contiki-wismote.a(clock.o) (etimer_request_poll)
contiki-wismote.a(process.o)  contiki-wismote.a(ctimer.o) (process_current)
contiki-wismote.a(rtimer.o)   obj_wismote/contiki-wismote-main.o (rtimer_init)
contiki-wismote.a(timer.o)    contiki-wismote.a(button-sensor.o) (timer_set)
contiki-wismote.a(serial-line.o)
                              obj_wismote/contiki-wismote-main.o (serial_line_input_byte)
contiki-wismote.a(list.o)     contiki-wismote.a(data-flow-table) (list_init)
contiki-wismote.a(memb.o)     contiki-wismote.a(sdn-packetbuf.o) (memb_alloc)
contiki-wismote.a(random.o)   enabled-node.co (random_rand)
contiki-wismote.a(ringbuf.o)  contiki-wismote.a(serial-line.o) (ringbuf_init)
contiki-wismote.a(packetqueue.o)
                              contiki-wismote.a(collectsdn.o) (packetqueue_enqueue_packetbuf)
contiki-wismote.a(rime.o)     obj_wismote/contiki-wismote-main.o (rime_driver)
contiki-wismote.a(broadcast-annou)
                              contiki-wismote.a(rime.o) (broadcast_announcement_init)
contiki-wismote.a(broadcast.o)
                              contiki-wismote.a(broadcast-annou) (broadcast_open)
[...]
Memory Configuration

Name             Origin             Length             Attributes
sfr              0x0000000000000000 0x0000000000000010
peripheral_8bit  0x0000000000000010 0x00000000000000f0
peripheral_16bit 0x0000000000000100 0x0000000000000100
bsl              0x0000000000001000 0x0000000000000800
infomem          0x0000000000001800 0x0000000000000200
infod            0x0000000000001800 0x0000000000000080
infoc            0x0000000000001880 0x0000000000000080
infob            0x0000000000001900 0x0000000000000080
infoa            0x0000000000001980 0x0000000000000080
ram              0x0000000000001c00 0x0000000000004000 xw
rom              0x0000000000005c00 0x000000000000a380 xr
vectors          0x000000000000ff80 0x0000000000000080
far_rom          0x0000000000010000 0x0000000000035c00
ram2             0x0000000000000000 0x0000000000000000 xw
ram_mirror       0x0000000000000000 0x0000000000000000 xw
usbram           0x0000000000000000 0x0000000000000000 xw
*default*        0x0000000000000000 0xffffffffffffffff

Linker script and memory map

LOAD /usr/lib/gcc/msp430/4.6.3/mcpu-430x/mmpy-16/crt0ivtbl64.o
LOAD enabled-node.co
LOAD obj_wismote/contiki-wismote-main.o
LOAD contiki-wismote.a
LOAD /usr/lib/gcc/msp430/4.6.3/mcpu-430x/mmpy-16/libgcc.a
LOAD /usr/lib/gcc/msp430/4.6.3/../../../../msp430/lib/mcpu-430x/mmpy-16/libc.a
LOAD /usr/lib/gcc/msp430/4.6.3/mcpu-430x/mmpy-16/libgcc.a
LOAD /usr/lib/gcc/msp430/4.6.3/mcpu-430x/mmpy-16/libcrt0.a
                0x0000000000000080                PROVIDE (__info_segment_size, 0x80)
                0x0000000000001800                PROVIDE (__infod, 0x1800)
                0x0000000000001880                PROVIDE (__infoc, 0x1880)
                0x0000000000001900                PROVIDE (__infob, 0x1900)
                0x0000000000001980                PROVIDE (__infoa, 0x1980)
                0x0000000000000700                __ADC12CTL0_L = 0x700
                0x0000000000000701                __ADC12CTL0_H = 0x701
                0x0000000000000700                __ADC12CTL0 = 0x700
                0x0000000000000702                __ADC12CTL1_L = 0x702
                0x0000000000000703                __ADC12CTL1_H = 0x703
                0x0000000000000702                __ADC12CTL1 = 0x702
                0x0000000000000704                __ADC12CTL2_L = 0x704
                0x0000000000000705                __ADC12CTL2_H = 0x705
                0x0000000000000704                __ADC12CTL2 = 0x704
                0x000000000000070a                __ADC12IFG_L = 0x70a
                0x000000000000070b                __ADC12IFG_H = 0x70b
                0x000000000000070a                __ADC12IFG = 0x70a
                0x000000000000070c                __ADC12IE_L = 0x70c
                0x000000000000070d                __ADC12IE_H = 0x70d
                0x000000000000070c                __ADC12IE = 0x70c
                0x000000000000070e                __ADC12IV_L = 0x70e
                0x000000000000070f                __ADC12IV_H = 0x70f
                0x000000000000070e                __ADC12IV = 0x70e
                0x0000000000000720                __ADC12MEM0_L = 0x720
                0x0000000000000721                __ADC12MEM0_H = 0x721
                0x0000000000000720                __ADC12MEM0 = 0x720
                0x0000000000000722                __ADC12MEM1_L = 0x722
                0x0000000000000723                __ADC12MEM1_H = 0x723
                0x0000000000000722                __ADC12MEM1 = 0x722
                0x0000000000000724                __ADC12MEM2_L = 0x724
                0x0000000000000725                __ADC12MEM2_H = 0x725
                0x0000000000000724                __ADC12MEM2 = 0x724
                0x0000000000000726                __ADC12MEM3_L = 0x726
                0x0000000000000727                __ADC12MEM3_H = 0x727
                0x0000000000000726                __ADC12MEM3 = 0x726
                0x0000000000000728                __ADC12MEM4_L = 0x728
                0x0000000000000729                __ADC12MEM4_H = 0x729
                0x0000000000000728                __ADC12MEM4 = 0x728
                0x000000000000072a                __ADC12MEM5_L = 0x72a
                0x000000000000072b                __ADC12MEM5_H = 0x72b
                0x000000000000072a                __ADC12MEM5 = 0x72a
                0x000000000000072c                __ADC12MEM6_L = 0x72c
                0x000000000000072d                __ADC12MEM6_H = 0x72d
                0x000000000000072c                __ADC12MEM6 = 0x72c
                0x000000000000072e                __ADC12MEM7_L = 0x72e
                0x000000000000072f                __ADC12MEM7_H = 0x72f
                0x000000000000072e                __ADC12MEM7 = 0x72e
                0x0000000000000730                __ADC12MEM8_L = 0x730
                0x0000000000000731                __ADC12MEM8_H = 0x731
                0x0000000000000730                __ADC12MEM8 = 0x730
                0x0000000000000732                __ADC12MEM9_L = 0x732
                0x0000000000000733                __ADC12MEM9_H = 0x733
                0x0000000000000732                __ADC12MEM9 = 0x732
                0x0000000000000734                __ADC12MEM10_L = 0x734
                0x0000000000000735                __ADC12MEM10_H = 0x735
                0x0000000000000734                __ADC12MEM10 = 0x734
                0x0000000000000736                __ADC12MEM11_L = 0x736
                0x0000000000000737                __ADC12MEM11_H = 0x737
                0x0000000000000736                __ADC12MEM11 = 0x736
                0x0000000000000738                __ADC12MEM12_L = 0x738
                0x0000000000000739                __ADC12MEM12_H = 0x739
                0x0000000000000738                __ADC12MEM12 = 0x738
                0x000000000000073a                __ADC12MEM13_L = 0x73a
                0x000000000000073b                __ADC12MEM13_H = 0x73b
                0x000000000000073a                __ADC12MEM13 = 0x73a
                0x000000000000073c                __ADC12MEM14_L = 0x73c
                0x000000000000073d                __ADC12MEM14_H = 0x73d
                0x000000000000073c                __ADC12MEM14 = 0x73c
                0x000000000000073e                __ADC12MEM15_L = 0x73e
                0x000000000000073f                __ADC12MEM15_H = 0x73f
                0x000000000000073e                __ADC12MEM15 = 0x73e
                0x0000000000000710                __ADC12MCTL0 = 0x710
                0x0000000000000711                __ADC12MCTL1 = 0x711
                0x0000000000000712                __ADC12MCTL2 = 0x712
                0x0000000000000713                __ADC12MCTL3 = 0x713
                0x0000000000000714                __ADC12MCTL4 = 0x714
                0x0000000000000715                __ADC12MCTL5 = 0x715
                0x0000000000000716                __ADC12MCTL6 = 0x716
                0x0000000000000717                __ADC12MCTL7 = 0x717
                0x0000000000000718                __ADC12MCTL8 = 0x718
                0x0000000000000719                __ADC12MCTL9 = 0x719
                0x000000000000071a                __ADC12MCTL10 = 0x71a
                0x000000000000071b                __ADC12MCTL11 = 0x71b
                0x000000000000071c                __ADC12MCTL12 = 0x71c
                0x000000000000071d                __ADC12MCTL13 = 0x71d
                0x000000000000071e                __ADC12MCTL14 = 0x71e
                0x000000000000071f                __ADC12MCTL15 = 0x71f
                0x0000000000000150                __CRCDI_L = 0x150
                0x0000000000000151                __CRCDI_H = 0x151
                0x0000000000000150                __CRCDI = 0x150
                0x0000000000000154                __CRCINIRES_L = 0x154
                0x0000000000000155                __CRCINIRES_H = 0x155
                0x0000000000000154                __CRCINIRES = 0x154
                0x0000000000000500                __DMACTL0_L = 0x500
                0x0000000000000501                __DMACTL0_H = 0x501
                0x0000000000000500                __DMACTL0 = 0x500
                0x0000000000000502                __DMACTL1_L = 0x502
                0x0000000000000503                __DMACTL1_H = 0x503
                0x0000000000000502                __DMACTL1 = 0x502
                0x0000000000000504                __DMACTL2_L = 0x504
                0x0000000000000505                __DMACTL2_H = 0x505
                0x0000000000000504                __DMACTL2 = 0x504
                0x0000000000000506                __DMACTL3_L = 0x506
                0x0000000000000507                __DMACTL3_H = 0x507
                0x0000000000000506                __DMACTL3 = 0x506
                0x0000000000000508                __DMACTL4_L = 0x508
                0x0000000000000509                __DMACTL4_H = 0x509
                0x0000000000000508                __DMACTL4 = 0x508
                0x000000000000050e                __DMAIV_L = 0x50e
                0x000000000000050f                __DMAIV_H = 0x50f
                0x000000000000050e                __DMAIV = 0x50e
                0x0000000000000510                __DMA0CTL_L = 0x510
                0x0000000000000511                __DMA0CTL_H = 0x511
                0x0000000000000510                __DMA0CTL = 0x510
                0x0000000000000512                __DMA0SA = 0x512
                0x0000000000000516                __DMA0DA = 0x516
                0x000000000000051a                __DMA0SZ = 0x51a
                0x0000000000000520                __DMA1CTL_L = 0x520
                0x0000000000000521                __DMA1CTL_H = 0x521
                0x0000000000000520                __DMA1CTL = 0x520
                0x0000000000000522                __DMA1SA = 0x522
                0x0000000000000526                __DMA1DA = 0x526
                0x000000000000052a                __DMA1SZ = 0x52a
                0x0000000000000530                __DMA2CTL_L = 0x530
                0x0000000000000531                __DMA2CTL_H = 0x531
                0x0000000000000530                __DMA2CTL = 0x530
                0x0000000000000532                __DMA2SA = 0x532
                0x0000000000000536                __DMA2DA = 0x536
                0x000000000000053a                __DMA2SZ = 0x53a
                0x0000000000000140                __FCTL1_L = 0x140
                0x0000000000000141                __FCTL1_H = 0x141
                0x0000000000000140                __FCTL1 = 0x140
                0x0000000000000144                __FCTL3_L = 0x144
                0x0000000000000145                __FCTL3_H = 0x145
                0x0000000000000144                __FCTL3 = 0x144
                0x0000000000000146                __FCTL4_L = 0x146
                0x0000000000000147                __FCTL4_H = 0x147
                0x0000000000000146                __FCTL4 = 0x146
                0x00000000000004c0                __MPY_L = 0x4c0
                0x00000000000004c1                __MPY_H = 0x4c1
                0x00000000000004c0                __MPY = 0x4c0
                0x00000000000004c2                __MPYS_L = 0x4c2
                0x00000000000004c3                __MPYS_H = 0x4c3
                0x00000000000004c2                __MPYS = 0x4c2
                0x00000000000004c4                __MAC_L = 0x4c4
                0x00000000000004c5                __MAC_H = 0x4c5
                0x00000000000004c4                __MAC = 0x4c4
                0x00000000000004c6                __MACS_L = 0x4c6
                0x00000000000004c7                __MACS_H = 0x4c7
                0x00000000000004c6                __MACS = 0x4c6
                0x00000000000004c8                __OP2_L = 0x4c8
                0x00000000000004c9                __OP2_H = 0x4c9
                0x00000000000004c8                __OP2 = 0x4c8
                0x00000000000004ca                __RESLO_L = 0x4ca
                0x00000000000004cb                __RESLO_H = 0x4cb
                0x00000000000004ca                __RESLO = 0x4ca
                0x00000000000004cc                __RESHI_L = 0x4cc
                0x00000000000004cd                __RESHI_H = 0x4cd
                0x00000000000004cc                __RESHI = 0x4cc
                0x00000000000004ce                __SUMEXT_L = 0x4ce
                0x00000000000004cf                __SUMEXT_H = 0x4cf
                0x00000000000004ce                __SUMEXT = 0x4ce
                0x00000000000004d0                __MPY32L_L = 0x4d0
                0x00000000000004d1                __MPY32L_H = 0x4d1
                0x00000000000004d0                __MPY32L = 0x4d0
                0x00000000000004d2                __MPY32H_L = 0x4d2
                0x00000000000004d3                __MPY32H_H = 0x4d3
                0x00000000000004d2                __MPY32H = 0x4d2
                0x00000000000004d4                __MPYS32L_L = 0x4d4
                0x00000000000004d5                __MPYS32L_H = 0x4d5
                0x00000000000004d4                __MPYS32L = 0x4d4
                0x00000000000004d6                __MPYS32H_L = 0x4d6
                0x00000000000004d7                __MPYS32H_H = 0x4d7
                0x00000000000004d6                __MPYS32H = 0x4d6
                0x00000000000004d8                __MAC32L_L = 0x4d8
                0x00000000000004d9                __MAC32L_H = 0x4d9
                0x00000000000004d8                __MAC32L = 0x4d8
                0x00000000000004da                __MAC32H_L = 0x4da
                0x00000000000004db                __MAC32H_H = 0x4db
                0x00000000000004da                __MAC32H = 0x4da
                0x00000000000004dc                __MACS32L_L = 0x4dc
                0x00000000000004dd                __MACS32L_H = 0x4dd
                0x00000000000004dc                __MACS32L = 0x4dc
                0x00000000000004de                __MACS32H_L = 0x4de
                0x00000000000004df                __MACS32H_H = 0x4df
                0x00000000000004de                __MACS32H = 0x4de
                0x00000000000004e0                __OP2L_L = 0x4e0
                0x00000000000004e1                __OP2L_H = 0x4e1
                0x00000000000004e0                __OP2L = 0x4e0
                0x00000000000004e2                __OP2H_L = 0x4e2
                0x00000000000004e3                __OP2H_H = 0x4e3
                0x00000000000004e2                __OP2H = 0x4e2
                0x00000000000004e4                __RES0_L = 0x4e4
                0x00000000000004e5                __RES0_H = 0x4e5
                0x00000000000004e4                __RES0 = 0x4e4
                0x00000000000004e6                __RES1_L = 0x4e6
                0x00000000000004e7                __RES1_H = 0x4e7
                0x00000000000004e6                __RES1 = 0x4e6
                0x00000000000004e8                __RES2_L = 0x4e8
                0x00000000000004e9                __RES2_H = 0x4e9
                0x00000000000004e8                __RES2 = 0x4e8
                0x00000000000004ea                __RES3_L = 0x4ea
                0x00000000000004eb                __RES3_H = 0x4eb
                0x00000000000004ea                __RES3 = 0x4ea
                0x00000000000004ec                __MPY32CTL0_L = 0x4ec
                0x00000000000004ed                __MPY32CTL0_H = 0x4ed
                0x00000000000004ec                __MPY32CTL0 = 0x4ec
                0x0000000000000200                __PAIN_L = 0x200
                0x0000000000000201                __PAIN_H = 0x201
                0x0000000000000200                __PAIN = 0x200
                0x0000000000000202                __PAOUT_L = 0x202
                0x0000000000000203                __PAOUT_H = 0x203
                0x0000000000000202                __PAOUT = 0x202
                0x0000000000000204                __PADIR_L = 0x204
                0x0000000000000205                __PADIR_H = 0x205
                0x0000000000000204                __PADIR = 0x204
                0x0000000000000206                __PAREN_L = 0x206
                0x0000000000000207                __PAREN_H = 0x207
                0x0000000000000206                __PAREN = 0x206
                0x0000000000000208                __PADS_L = 0x208
                0x0000000000000209                __PADS_H = 0x209
                0x0000000000000208                __PADS = 0x208
                0x000000000000020a                __PASEL_L = 0x20a
                0x000000000000020b                __PASEL_H = 0x20b
                0x000000000000020a                __PASEL = 0x20a
                0x0000000000000218                __PAIES_L = 0x218
                0x0000000000000219                __PAIES_H = 0x219
                0x0000000000000218                __PAIES = 0x218
                0x000000000000021a                __PAIE_L = 0x21a
                0x000000000000021b                __PAIE_H = 0x21b
                0x000000000000021a                __PAIE = 0x21a
                0x000000000000021c                __PAIFG_L = 0x21c
                0x000000000000021d                __PAIFG_H = 0x21d
                0x000000000000021c                __PAIFG = 0x21c
                0x000000000000020e                __P1IV = 0x20e
                0x000000000000021e                __P2IV = 0x21e
                0x0000000000000220                __PBIN_L = 0x220
                0x0000000000000221                __PBIN_H = 0x221
                0x0000000000000220                __PBIN = 0x220
                0x0000000000000222                __PBOUT_L = 0x222
                0x0000000000000223                __PBOUT_H = 0x223
                0x0000000000000222                __PBOUT = 0x222
                0x0000000000000224                __PBDIR_L = 0x224
                0x0000000000000225                __PBDIR_H = 0x225
                0x0000000000000224                __PBDIR = 0x224
                0x0000000000000226                __PBREN_L = 0x226
                0x0000000000000227                __PBREN_H = 0x227
                0x0000000000000226                __PBREN = 0x226
                0x0000000000000228                __PBDS_L = 0x228
                0x0000000000000229                __PBDS_H = 0x229
                0x0000000000000228                __PBDS = 0x228
                0x000000000000022a                __PBSEL_L = 0x22a
                0x000000000000022b                __PBSEL_H = 0x22b
                0x000000000000022a                __PBSEL = 0x22a
                0x0000000000000240                __PCIN_L = 0x240
                0x0000000000000241                __PCIN_H = 0x241
                0x0000000000000240                __PCIN = 0x240
                0x0000000000000242                __PCOUT_L = 0x242
                0x0000000000000243                __PCOUT_H = 0x243
                0x0000000000000242                __PCOUT = 0x242
                0x0000000000000244                __PCDIR_L = 0x244
                0x0000000000000245                __PCDIR_H = 0x245
                0x0000000000000244                __PCDIR = 0x244
                0x0000000000000246                __PCREN_L = 0x246
                0x0000000000000247                __PCREN_H = 0x247
                0x0000000000000246                __PCREN = 0x246
                0x0000000000000248                __PCDS_L = 0x248
                0x0000000000000249                __PCDS_H = 0x249
                0x0000000000000248                __PCDS = 0x248
                0x000000000000024a                __PCSEL_L = 0x24a
                0x000000000000024b                __PCSEL_H = 0x24b
                0x000000000000024a                __PCSEL = 0x24a
                0x0000000000000260                __PDIN_L = 0x260
                0x0000000000000261                __PDIN_H = 0x261
                0x0000000000000260                __PDIN = 0x260
                0x0000000000000262                __PDOUT_L = 0x262
                0x0000000000000263                __PDOUT_H = 0x263
                0x0000000000000262                __PDOUT = 0x262
                0x0000000000000264                __PDDIR_L = 0x264
                0x0000000000000265                __PDDIR_H = 0x265
                0x0000000000000264                __PDDIR = 0x264
                0x0000000000000266                __PDREN_L = 0x266
                0x0000000000000267                __PDREN_H = 0x267
                0x0000000000000266                __PDREN = 0x266
                0x0000000000000268                __PDDS_L = 0x268
                0x0000000000000269                __PDDS_H = 0x269
                0x0000000000000268                __PDDS = 0x268
                0x000000000000026a                __PDSEL_L = 0x26a
                0x000000000000026b                __PDSEL_H = 0x26b
                0x000000000000026a                __PDSEL = 0x26a
                0x0000000000000280                __PEIN_L = 0x280
                0x0000000000000281                __PEIN_H = 0x281
                0x0000000000000280                __PEIN = 0x280
                0x0000000000000282                __PEOUT_L = 0x282
                0x0000000000000283                __PEOUT_H = 0x283
                0x0000000000000282                __PEOUT = 0x282
                0x0000000000000284                __PEDIR_L = 0x284
                0x0000000000000285                __PEDIR_H = 0x285
                0x0000000000000284                __PEDIR = 0x284
                0x0000000000000286                __PEREN_L = 0x286
                0x0000000000000287                __PEREN_H = 0x287
                0x0000000000000286                __PEREN = 0x286
                0x0000000000000288                __PEDS_L = 0x288
                0x0000000000000289                __PEDS_H = 0x289
                0x0000000000000288                __PEDS = 0x288
                0x000000000000028a                __PESEL_L = 0x28a
                0x000000000000028b                __PESEL_H = 0x28b
                0x000000000000028a                __PESEL = 0x28a
                0x00000000000002a0                __PFIN_L = 0x2a0
                0x00000000000002a1                __PFIN_H = 0x2a1
                0x00000000000002a0                __PFIN = 0x2a0
                0x00000000000002a2                __PFOUT_L = 0x2a2
                0x00000000000002a3                __PFOUT_H = 0x2a3
                0x00000000000002a2                __PFOUT = 0x2a2
                0x00000000000002a4                __PFDIR_L = 0x2a4
                0x00000000000002a5                __PFDIR_H = 0x2a5
                0x00000000000002a4                __PFDIR = 0x2a4
                0x00000000000002a6                __PFREN_L = 0x2a6
                0x00000000000002a7                __PFREN_H = 0x2a7
                0x00000000000002a6                __PFREN = 0x2a6
                0x00000000000002a8                __PFDS_L = 0x2a8
                0x00000000000002a9                __PFDS_H = 0x2a9
                0x00000000000002a8                __PFDS = 0x2a8
                0x00000000000002aa                __PFSEL_L = 0x2aa
                0x00000000000002ab                __PFSEL_H = 0x2ab
                0x00000000000002aa                __PFSEL = 0x2aa
                0x0000000000000320                __PJIN_L = 0x320
                0x0000000000000321                __PJIN_H = 0x321
                0x0000000000000320                __PJIN = 0x320
                0x0000000000000322                __PJOUT_L = 0x322
                0x0000000000000323                __PJOUT_H = 0x323
                0x0000000000000322                __PJOUT = 0x322
                0x0000000000000324                __PJDIR_L = 0x324
                0x0000000000000325                __PJDIR_H = 0x325
                0x0000000000000324                __PJDIR = 0x324
                0x0000000000000326                __PJREN_L = 0x326
                0x0000000000000327                __PJREN_H = 0x327
                0x0000000000000326                __PJREN = 0x326
                0x0000000000000328                __PJDS_L = 0x328
                0x0000000000000329                __PJDS_H = 0x329
                0x0000000000000328                __PJDS = 0x328
                0x0000000000000120                __PMMCTL0_L = 0x120
                0x0000000000000121                __PMMCTL0_H = 0x121
                0x0000000000000120                __PMMCTL0 = 0x120
                0x0000000000000122                __PMMCTL1_L = 0x122
                0x0000000000000123                __PMMCTL1_H = 0x123
                0x0000000000000122                __PMMCTL1 = 0x122
                0x0000000000000124                __SVSMHCTL_L = 0x124
                0x0000000000000125                __SVSMHCTL_H = 0x125
                0x0000000000000124                __SVSMHCTL = 0x124
                0x0000000000000126                __SVSMLCTL_L = 0x126
                0x0000000000000127                __SVSMLCTL_H = 0x127
                0x0000000000000126                __SVSMLCTL = 0x126
                0x0000000000000128                __SVSMIO_L = 0x128
                0x0000000000000129                __SVSMIO_H = 0x129
                0x0000000000000128                __SVSMIO = 0x128
                0x000000000000012c                __PMMIFG_L = 0x12c
                0x000000000000012d                __PMMIFG_H = 0x12d
                0x000000000000012c                __PMMIFG = 0x12c
                0x000000000000012e                __PMMRIE_L = 0x12e
                0x000000000000012f                __PMMRIE_H = 0x12f
                0x000000000000012e                __PMMRIE = 0x12e
                0x0000000000000158                __RCCTL0_L = 0x158
                0x0000000000000159                __RCCTL0_H = 0x159
                0x0000000000000158                __RCCTL0 = 0x158
                0x00000000000004a0                __RTCCTL01_L = 0x4a0
                0x00000000000004a1                __RTCCTL01_H = 0x4a1
                0x00000000000004a0                __RTCCTL01 = 0x4a0
                0x00000000000004a2                __RTCCTL23_L = 0x4a2
                0x00000000000004a3                __RTCCTL23_H = 0x4a3
                0x00000000000004a2                __RTCCTL23 = 0x4a2
                0x00000000000004a8                __RTCPS0CTL_L = 0x4a8
                0x00000000000004a9                __RTCPS0CTL_H = 0x4a9
                0x00000000000004a8                __RTCPS0CTL = 0x4a8
                0x00000000000004aa                __RTCPS1CTL_L = 0x4aa
                0x00000000000004ab                __RTCPS1CTL_H = 0x4ab
                0x00000000000004aa                __RTCPS1CTL = 0x4aa
                0x00000000000004ac                __RTCPS_L = 0x4ac
                0x00000000000004ad                __RTCPS_H = 0x4ad
                0x00000000000004ac                __RTCPS = 0x4ac
                0x00000000000004ae                __RTCIV = 0x4ae
                0x00000000000004b0                __RTCTIM0_L = 0x4b0
                0x00000000000004b1                __RTCTIM0_H = 0x4b1
                0x00000000000004b0                __RTCTIM0 = 0x4b0
                0x00000000000004b2                __RTCTIM1_L = 0x4b2
                0x00000000000004b3                __RTCTIM1_H = 0x4b3
                0x00000000000004b2                __RTCTIM1 = 0x4b2
                0x00000000000004b4                __RTCDATE_L = 0x4b4
                0x00000000000004b5                __RTCDATE_H = 0x4b5
                0x00000000000004b4                __RTCDATE = 0x4b4
                0x00000000000004b6                __RTCYEAR_L = 0x4b6
                0x00000000000004b7                __RTCYEAR_H = 0x4b7
                0x00000000000004b6                __RTCYEAR = 0x4b6
                0x00000000000004b8                __RTCAMINHR_L = 0x4b8
                0x00000000000004b9                __RTCAMINHR_H = 0x4b9
                0x00000000000004b8                __RTCAMINHR = 0x4b8
                0x00000000000004ba                __RTCADOWDAY_L = 0x4ba
                0x00000000000004bb                __RTCADOWDAY_H = 0x4bb
                0x00000000000004ba                __RTCADOWDAY = 0x4ba
                0x0000000000000100                __SFRIE1_L = 0x100
                0x0000000000000101                __SFRIE1_H = 0x101
                0x0000000000000100                __SFRIE1 = 0x100
                0x0000000000000102                __SFRIFG1_L = 0x102
                0x0000000000000103                __SFRIFG1_H = 0x103
                0x0000000000000102                __SFRIFG1 = 0x102
                0x0000000000000104                __SFRRPCR_L = 0x104
                0x0000000000000105                __SFRRPCR_H = 0x105
                0x0000000000000104                __SFRRPCR = 0x104
                0x0000000000000180                __SYSCTL_L = 0x180
                0x0000000000000181                __SYSCTL_H = 0x181
                0x0000000000000180                __SYSCTL = 0x180
                0x0000000000000182                __SYSBSLC_L = 0x182
                0x0000000000000183                __SYSBSLC_H = 0x183
                0x0000000000000182                __SYSBSLC = 0x182
                0x0000000000000186                __SYSJMBC_L = 0x186
                0x0000000000000187                __SYSJMBC_H = 0x187
                0x0000000000000186                __SYSJMBC = 0x186
                0x0000000000000188                __SYSJMBI0_L = 0x188
                0x0000000000000189                __SYSJMBI0_H = 0x189
                0x0000000000000188                __SYSJMBI0 = 0x188
                0x000000000000018a                __SYSJMBI1_L = 0x18a
                0x000000000000018b                __SYSJMBI1_H = 0x18b
                0x000000000000018a                __SYSJMBI1 = 0x18a
                0x000000000000018c                __SYSJMBO0_L = 0x18c
                0x000000000000018d                __SYSJMBO0_H = 0x18d
                0x000000000000018c                __SYSJMBO0 = 0x18c
                0x000000000000018e                __SYSJMBO1_L = 0x18e
                0x000000000000018f                __SYSJMBO1_H = 0x18f
                0x000000000000018e                __SYSJMBO1 = 0x18e
                0x000000000000019a                __SYSUNIV_L = 0x19a
                0x000000000000019b                __SYSUNIV_H = 0x19b
                0x000000000000019a                __SYSUNIV = 0x19a
                0x000000000000019c                __SYSSNIV_L = 0x19c
                0x000000000000019d                __SYSSNIV_H = 0x19d
                0x000000000000019c                __SYSSNIV = 0x19c
                0x000000000000019e                __SYSRSTIV_L = 0x19e
                0x000000000000019f                __SYSRSTIV_H = 0x19f
                0x000000000000019e                __SYSRSTIV = 0x19e
                0x0000000000000340                __TA0CTL = 0x340
                0x0000000000000342                __TA0CCTL0 = 0x342
                0x0000000000000344                __TA0CCTL1 = 0x344
                0x0000000000000346                __TA0CCTL2 = 0x346
                0x0000000000000348                __TA0CCTL3 = 0x348
                0x000000000000034a                __TA0CCTL4 = 0x34a
                0x0000000000000350                __TA0R = 0x350
                0x0000000000000352                __TA0CCR0 = 0x352
                0x0000000000000354                __TA0CCR1 = 0x354
                0x0000000000000356                __TA0CCR2 = 0x356
                0x0000000000000358                __TA0CCR3 = 0x358
                0x000000000000035a                __TA0CCR4 = 0x35a
                0x000000000000036e                __TA0IV = 0x36e
                0x0000000000000360                __TA0EX0 = 0x360
                0x0000000000000380                __TA1CTL = 0x380
                0x0000000000000382                __TA1CCTL0 = 0x382
                0x0000000000000384                __TA1CCTL1 = 0x384
                0x0000000000000386                __TA1CCTL2 = 0x386
                0x0000000000000390                __TA1R = 0x390
                0x0000000000000392                __TA1CCR0 = 0x392
                0x0000000000000394                __TA1CCR1 = 0x394
                0x0000000000000396                __TA1CCR2 = 0x396
                0x00000000000003ae                __TA1IV = 0x3ae
                0x00000000000003a0                __TA1EX0 = 0x3a0
                0x00000000000003c0                __TB0CTL = 0x3c0
                0x00000000000003c2                __TB0CCTL0 = 0x3c2
                0x00000000000003c4                __TB0CCTL1 = 0x3c4
                0x00000000000003c6                __TB0CCTL2 = 0x3c6
                0x00000000000003c8                __TB0CCTL3 = 0x3c8
                0x00000000000003ca                __TB0CCTL4 = 0x3ca
                0x00000000000003cc                __TB0CCTL5 = 0x3cc
                0x00000000000003ce                __TB0CCTL6 = 0x3ce
                0x00000000000003d0                __TB0R = 0x3d0
                0x00000000000003d2                __TB0CCR0 = 0x3d2
                0x00000000000003d4                __TB0CCR1 = 0x3d4
                0x00000000000003d6                __TB0CCR2 = 0x3d6
                0x00000000000003d8                __TB0CCR3 = 0x3d8
                0x00000000000003da                __TB0CCR4 = 0x3da
                0x00000000000003dc                __TB0CCR5 = 0x3dc
                0x00000000000003de                __TB0CCR6 = 0x3de
                0x00000000000003e0                __TB0EX0 = 0x3e0
                0x00000000000003ee                __TB0IV = 0x3ee
                0x0000000000000160                __UCSCTL0_L = 0x160
                0x0000000000000161                __UCSCTL0_H = 0x161
                0x0000000000000160                __UCSCTL0 = 0x160
                0x0000000000000162                __UCSCTL1_L = 0x162
                0x0000000000000163                __UCSCTL1_H = 0x163
                0x0000000000000162                __UCSCTL1 = 0x162
                0x0000000000000164                __UCSCTL2_L = 0x164
                0x0000000000000165                __UCSCTL2_H = 0x165
                0x0000000000000164                __UCSCTL2 = 0x164
                0x0000000000000166                __UCSCTL3_L = 0x166
                0x0000000000000167                __UCSCTL3_H = 0x167
                0x0000000000000166                __UCSCTL3 = 0x166
                0x0000000000000168                __UCSCTL4_L = 0x168
                0x0000000000000169                __UCSCTL4_H = 0x169
                0x0000000000000168                __UCSCTL4 = 0x168
                0x000000000000016a                __UCSCTL5_L = 0x16a
                0x000000000000016b                __UCSCTL5_H = 0x16b
                0x000000000000016a                __UCSCTL5 = 0x16a
                0x000000000000016c                __UCSCTL6_L = 0x16c
                0x000000000000016d                __UCSCTL6_H = 0x16d
                0x000000000000016c                __UCSCTL6 = 0x16c
                0x000000000000016e                __UCSCTL7_L = 0x16e
                0x000000000000016f                __UCSCTL7_H = 0x16f
                0x000000000000016e                __UCSCTL7 = 0x16e
                0x0000000000000170                __UCSCTL8_L = 0x170
                0x0000000000000171                __UCSCTL8_H = 0x171
                0x0000000000000170                __UCSCTL8 = 0x170
                0x00000000000005c0                __UCA0CTLW0_L = 0x5c0
                0x00000000000005c1                __UCA0CTLW0_H = 0x5c1
                0x00000000000005c0                __UCA0CTLW0 = 0x5c0
                0x00000000000005c6                __UCA0BRW_L = 0x5c6
                0x00000000000005c7                __UCA0BRW_H = 0x5c7
                0x00000000000005c6                __UCA0BRW = 0x5c6
                0x00000000000005c8                __UCA0MCTL = 0x5c8
                0x00000000000005ca                __UCA0STAT = 0x5ca
                0x00000000000005cc                __UCA0RXBUF = 0x5cc
                0x00000000000005ce                __UCA0TXBUF = 0x5ce
                0x00000000000005d0                __UCA0ABCTL = 0x5d0
                0x00000000000005d2                __UCA0IRCTL_L = 0x5d2
                0x00000000000005d3                __UCA0IRCTL_H = 0x5d3
                0x00000000000005d2                __UCA0IRCTL = 0x5d2
                0x00000000000005dc                __UCA0ICTL_L = 0x5dc
                0x00000000000005dd                __UCA0ICTL_H = 0x5dd
                0x00000000000005dc                __UCA0ICTL = 0x5dc
                0x00000000000005de                __UCA0IV = 0x5de
                0x00000000000005e0                __UCB0CTLW0_L = 0x5e0
                0x00000000000005e1                __UCB0CTLW0_H = 0x5e1
                0x00000000000005e0                __UCB0CTLW0 = 0x5e0
                0x00000000000005e6                __UCB0BRW_L = 0x5e6
                0x00000000000005e7                __UCB0BRW_H = 0x5e7
                0x00000000000005e6                __UCB0BRW = 0x5e6
                0x00000000000005ea                __UCB0STAT = 0x5ea
                0x00000000000005ec                __UCB0RXBUF = 0x5ec
                0x00000000000005ee                __UCB0TXBUF = 0x5ee
                0x00000000000005f0                __UCB0I2COA_L = 0x5f0
                0x00000000000005f1                __UCB0I2COA_H = 0x5f1
                0x00000000000005f0                __UCB0I2COA = 0x5f0
                0x00000000000005f2                __UCB0I2CSA_L = 0x5f2
                0x00000000000005f3                __UCB0I2CSA_H = 0x5f3
                0x00000000000005f2                __UCB0I2CSA = 0x5f2
                0x00000000000005fc                __UCB0ICTL_L = 0x5fc
                0x00000000000005fd                __UCB0ICTL_H = 0x5fd
                0x00000000000005fc                __UCB0ICTL = 0x5fc
                0x00000000000005fe                __UCB0IV = 0x5fe
                0x0000000000000600                __UCA1CTLW0_L = 0x600
                0x0000000000000601                __UCA1CTLW0_H = 0x601
                0x0000000000000600                __UCA1CTLW0 = 0x600
                0x0000000000000606                __UCA1BRW_L = 0x606
                0x0000000000000607                __UCA1BRW_H = 0x607
                0x0000000000000606                __UCA1BRW = 0x606
                0x0000000000000608                __UCA1MCTL = 0x608
                0x000000000000060a                __UCA1STAT = 0x60a
                0x000000000000060c                __UCA1RXBUF = 0x60c
                0x000000000000060e                __UCA1TXBUF = 0x60e
                0x0000000000000610                __UCA1ABCTL = 0x610
                0x0000000000000612                __UCA1IRCTL_L = 0x612
                0x0000000000000613                __UCA1IRCTL_H = 0x613
                0x0000000000000612                __UCA1IRCTL = 0x612
                0x000000000000061c                __UCA1ICTL_L = 0x61c
                0x000000000000061d                __UCA1ICTL_H = 0x61d
                0x000000000000061c                __UCA1ICTL = 0x61c
                0x000000000000061e                __UCA1IV = 0x61e
                0x0000000000000620                __UCB1CTLW0_L = 0x620
                0x0000000000000621                __UCB1CTLW0_H = 0x621
                0x0000000000000620                __UCB1CTLW0 = 0x620
                0x0000000000000626                __UCB1BRW_L = 0x626
                0x0000000000000627                __UCB1BRW_H = 0x627
                0x0000000000000626                __UCB1BRW = 0x626
                0x000000000000062a                __UCB1STAT = 0x62a
                0x000000000000062c                __UCB1RXBUF = 0x62c
                0x000000000000062e                __UCB1TXBUF = 0x62e
                0x0000000000000630                __UCB1I2COA_L = 0x630
                0x0000000000000631                __UCB1I2COA_H = 0x631
                0x0000000000000630                __UCB1I2COA = 0x630
                0x0000000000000632                __UCB1I2CSA_L = 0x632
                0x0000000000000633                __UCB1I2CSA_H = 0x633
                0x0000000000000632                __UCB1I2CSA = 0x632
                0x000000000000063c                __UCB1ICTL_L = 0x63c
                0x000000000000063d                __UCB1ICTL_H = 0x63d
                0x000000000000063c                __UCB1ICTL = 0x63c
                0x000000000000063e                __UCB1IV = 0x63e
                0x000000000000015c                __WDTCTL_L = 0x15c
                0x000000000000015d                __WDTCTL_H = 0x15d
                0x000000000000015c                __WDTCTL = 0x15c

.hash
 *(.hash)

.dynsym
 *(.dynsym)

.dynstr
 *(.dynstr)

.gnu.version
 *(.gnu.version)

.gnu.version_d
 *(.gnu.version_d)

.gnu.version_r
 *(.gnu.version_r)

.rel.init
 *(.rel.init)

.rela.init
 *(.rela.init)

.rel.fini
 *(.rel.fini)

.rela.fini
 *(.rela.fini)

.rel.text
 *(.rel.text .rel.text.* .rel.gnu.linkonce.t.*)

.rela.text
 *(.rela.text .rela.text.* .rela.gnu.linkonce.t.*)

.rel.rodata
 *(.rel.rodata .rel.rodata.* .rel.gnu.linkonce.r.*)

.rela.rodata
 *(.rela.rodata .rela.rodata.* .rela.gnu.linkonce.r.*)

.rel.data
 *(.rel.data .rel.data.* .rel.gnu.linkonce.d.*)

.rela.data
 *(.rela.data .rela.data.* .rela.gnu.linkonce.d.*)

.rel.bss
 *(.rel.bss .rel.bss.* .rel.gnu.linkonce.b.*)

.rela.bss
 *(.rela.bss .rela.bss.* .rela.gnu.linkonce.b.*)

.rel.ctors
 *(.rel.ctors)

.rela.ctors
 *(.rela.ctors)

.rel.dtors
 *(.rel.dtors)

.rela.dtors
 *(.rela.dtors)

.rel.got
 *(.rel.got)

.rela.got
 *(.rela.got)

.rel.plt
 *(.rel.plt)

.rela.plt
 *(.rela.plt)

.text           0x0000000000005c00     0x8f4c
                0x0000000000005c00                . = ALIGN (0x2)
 *(.init .init.*)
 *(.init0)
 .init0         0x0000000000005c00        0x0 /usr/lib/gcc/msp430/4.6.3/mcpu-430x/mmpy-16/libcrt0.a(_reset_vector__.o)
                0x0000000000005c00                _reset_vector__
 *(.init1)
 .init1         0x0000000000005c00        0xc /usr/lib/gcc/msp430/4.6.3/mcpu-430x/mmpy-16/libcrt0.a(__watchdog_support.o)
                0x0000000000005c00                __watchdog_support
 *(.init2)
 .init2         0x0000000000005c0c        0x4 /usr/lib/gcc/msp430/4.6.3/mcpu-430x/mmpy-16/libcrt0.a(__init_stack.o)
                0x0000000000005c0c                __init_stack
 *(.init3)
 .init3         0x0000000000005c10        0x0 /usr/lib/gcc/msp430/4.6.3/mcpu-430x/mmpy-16/libcrt0.a(__low_level_init.o)
                0x0000000000005c10                __low_level_init
 *(.init4)
 .init4         0x0000000000005c10       0x18 /usr/lib/gcc/msp430/4.6.3/mcpu-430x/mmpy-16/libcrt0.a(_copy_data.o)
                0x0000000000005c10                __do_copy_data
 .init4         0x0000000000005c28       0x16 /usr/lib/gcc/msp430/4.6.3/mcpu-430x/mmpy-16/libcrt0.a(_clear_bss.o)
                0x0000000000005c28                __do_clear_bss
 *(.init5)
 *(.init6)
 *(.init7)
 *(.init8)
 *(.init9)
 .init9         0x0000000000005c3e      0x28e obj_wismote/contiki-wismote-main.o
                0x0000000000005c3e                main
 *(.fini9)
 .fini9         0x0000000000005ecc        0x0 /usr/lib/gcc/msp430/4.6.3/mcpu-430x/mmpy-16/libcrt0.a(__stop_progExec__.o)
                0x0000000000005ecc                __stop_progExec__
 *(.fini8)
 *(.fini7)
 *(.fini6)
 *(.fini5)
 *(.fini4)
 *(.fini3)
 *(.fini2)
 *(.fini1)
 *(.fini0)
 .fini0         0x0000000000005ecc        0x6 /usr/lib/gcc/msp430/4.6.3/mcpu-430x/mmpy-16/libcrt0.a(_endless_loop__.o)
                0x0000000000005ecc                _endless_loop__
 *(.fini .fini.*)
                0x0000000000005ed2                . = ALIGN (0x2)
                0x0000000000005ed2                __ctors_start = .
 *(.ctors)
                0x0000000000005ed2                __ctors_end = .
                0x0000000000005ed2                __dtors_start = .
 *(.dtors)
                0x0000000000005ed2                __dtors_end = .
                0x0000000000005ed2                . = ALIGN (0x2)
 *(.text .text.* .gnu.linkonce.t.*)
 .text          0x0000000000005ed2        0x4 /usr/lib/gcc/msp430/4.6.3/mcpu-430x/mmpy-16/crt0ivtbl64.o
                0x0000000000005ed2                __isr_37
                0x0000000000005ed2                __isr_51
                0x0000000000005ed2                __isr_57
                0x0000000000005ed2                __isr_33
                0x0000000000005ed2                __isr_32
                0x0000000000005ed2                __isr_54
                0x0000000000005ed2                __isr_59
                0x0000000000005ed2                __isr_39
                0x0000000000005ed2                __isr_53
                0x0000000000005ed2                __isr_41
                0x0000000000005ed2                __isr_60
                0x0000000000005ed2                __isr_36
                0x0000000000005ed2                __isr_34
                0x0000000000005ed2                __isr_44
                0x0000000000005ed2                __isr_61
                0x0000000000005ed2                __isr_55
                0x0000000000005ed2                __isr_43
                0x0000000000005ed2                __isr_50
                0x0000000000005ed2                __isr_56
                0x0000000000005ed2                __isr_38
                0x0000000000005ed2                __isr_35
                0x0000000000005ed2                __isr_45
                0x0000000000005ed2                __isr_62
                0x0000000000005ed2                __isr_52
                0x0000000000005ed2                __isr_40
 .text.process_thread_sdn_test_process
                0x0000000000005ed6      0x106 enabled-node.co
 .text.receiver
                0x0000000000005fdc       0x2c enabled-node.co
 .text.process_thread_sdn_core_process
                0x0000000000006008      0x108 contiki-wismote.a(sdn-core.o)
 .text.nd_event
                0x0000000000006110       0x12 contiki-wismote.a(sdn-core.o)
                0x0000000000006110                nd_event
 .text.cd_event
                0x0000000000006122       0x30 contiki-wismote.a(sdn-core.o)
                0x0000000000006122                cd_event
 .text.sdn_init
                0x0000000000006152       0x6e contiki-wismote.a(sdn-core.o)
                0x0000000000006152                sdn_init
 .text.sdn_send
                0x00000000000061c0        0x6 contiki-wismote.a(sdn-core.o)
                0x00000000000061c0                sdn_send
 .text.sdn_send_init
                0x00000000000061c6       0x22 contiki-wismote.a(sdn-send.o)
                0x00000000000061c6                sdn_send_init
 .text.sdn_send_down_once
                0x00000000000061e8       0x22 contiki-wismote.a(sdn-send.o)
                0x00000000000061e8                sdn_send_down_once
 .text.process_thread_sdn_send_process
                0x000000000000620a       0xba contiki-wismote.a(sdn-send.o)
 .text.trickle_time_callback
                0x00000000000062c4        0xa contiki-wismote.a(sdn-send.o)
                0x00000000000062c4                trickle_time_callback
 .text.trickle_time_start
                0x00000000000062ce       0x6e contiki-wismote.a(sdn-send.o)
                0x00000000000062ce                trickle_time_start
 .text.sld_remove_element
                0x000000000000633c       0x5e contiki-wismote.a(sdn-send.o)
                0x000000000000633c                sld_remove_element
 .text.sld_f    0x000000000000639a      0x24a contiki-wismote.a(sdn-send.o)
                0x000000000000639a                sld_f
 .text.sld_rcv_ack
                0x00000000000065e4       0x32 contiki-wismote.a(sdn-send.o)
                0x00000000000065e4                sld_rcv_ack
 .text.sld_rcv_flow_req
                0x0000000000006616       0x38 contiki-wismote.a(sdn-send.o)
                0x0000000000006616                sld_rcv_flow_req
 .text.sld_rcv_addr_req
                0x000000000000664e       0x36 contiki-wismote.a(sdn-send.o)
                0x000000000000664e                sld_rcv_addr_req
 .text.sld_await_ack
                0x0000000000006684       0xa2 contiki-wismote.a(sdn-send.o)
                0x0000000000006684                sld_await_ack
 .text.sdn_send_done
                0x0000000000006726      0x18c contiki-wismote.a(sdn-send.o)
                0x0000000000006726                sdn_send_done
 .text.init     0x00000000000068b2        0x2 contiki-wismote.a(sdn-network.o)
 .text.input    0x00000000000068b4        0x6 contiki-wismote.a(sdn-network.o)
 .text.packet_sent
                0x00000000000068ba        0x6 contiki-wismote.a(sdn-network.o)
 .text.sdn_network_send
                0x00000000000068c0       0x50 contiki-wismote.a(sdn-network.o)
                0x00000000000068c0                sdn_network_send
 .text.sdn_seqno_is_duplicate
                0x0000000000006910       0x54 contiki-wismote.a(sdn-receive.o)
                0x0000000000006910                sdn_seqno_is_duplicate
 .text.sdn_seqno_register
                0x0000000000006964       0x60 contiki-wismote.a(sdn-receive.o)
                0x0000000000006964                sdn_seqno_register
 .text.sdn_receive
                0x00000000000069c4       0xea contiki-wismote.a(sdn-receive.o)
                0x00000000000069c4                sdn_receive
 .text.sdn_packetbuf_pool_get
                0x0000000000006aae        0xa contiki-wismote.a(sdn-packetbuf.o)
                0x0000000000006aae                sdn_packetbuf_pool_get
 .text.sdn_packetbuf_pool_put
                0x0000000000006ab8        0xc contiki-wismote.a(sdn-packetbuf.o)
                0x0000000000006ab8                sdn_packetbuf_pool_put
 .text.print_packet
                0x0000000000006ac4      0x14e contiki-wismote.a(sdn-debug.o)
                0x0000000000006ac4                print_packet
 .text.sdn_dataflow_init
                0x0000000000006c12        0xc contiki-wismote.a(data-flow-table)
                0x0000000000006c12                sdn_dataflow_init
 .text.sdn_dataflow_remove_next_hop
                0x0000000000006c1e       0x50 contiki-wismote.a(data-flow-table)
                0x0000000000006c1e                sdn_dataflow_remove_next_hop
 .text.sdn_dataflow_get
                0x0000000000006c6e       0x34 contiki-wismote.a(data-flow-table)
                0x0000000000006c6e                sdn_dataflow_get
 .text.sdn_dataflow_insert
                0x0000000000006ca2       0x9a contiki-wismote.a(data-flow-table)
                0x0000000000006ca2                sdn_dataflow_insert
 .text.sdn_dataflow_print
                0x0000000000006d3c       0x5a contiki-wismote.a(data-flow-table)
                0x0000000000006d3c                sdn_dataflow_print
 .text.sdn_controlflow_remove_next_hop
                0x0000000000006d96       0x4a contiki-wismote.a(control-flow-ta)
                0x0000000000006d96                sdn_controlflow_remove_next_hop
 .text.sdn_controlflow_get
                0x0000000000006de0       0x52 contiki-wismote.a(control-flow-ta)
                0x0000000000006de0                sdn_controlflow_get
 .text.sdn_controlflow_insert
                0x0000000000006e32       0x96 contiki-wismote.a(control-flow-ta)
                0x0000000000006e32                sdn_controlflow_insert
 .text.sdn_controlflow_init
                0x0000000000006ec8       0x16 contiki-wismote.a(control-flow-ta)
                0x0000000000006ec8                sdn_controlflow_init
 .text.sdn_controlflow_print
                0x0000000000006ede       0x5a contiki-wismote.a(control-flow-ta)
                0x0000000000006ede                sdn_controlflow_print
 .text.sdnaddr_copy
                0x0000000000006f38        0xc contiki-wismote.a(sdn-addr.o)
                0x0000000000006f38                sdnaddr_copy
 .text.sdnaddr_cmp
                0x0000000000006f44        0xe contiki-wismote.a(sdn-addr.o)
                0x0000000000006f44                sdnaddr_cmp
 .text.sdnaddr_print_nodebug
                0x0000000000006f52       0x38 contiki-wismote.a(sdn-addr.o)
                0x0000000000006f52                sdnaddr_print_nodebug
 .text.sdnaddr_print
                0x0000000000006f8a        0x6 contiki-wismote.a(sdn-addr.o)
                0x0000000000006f8a                sdnaddr_print
 .text.flowid_copy
                0x0000000000006f90        0x6 contiki-wismote.a(sdn-addr.o)
                0x0000000000006f90                flowid_copy
 .text.flowid_cmp
                0x0000000000006f96        0xe contiki-wismote.a(sdn-addr.o)
                0x0000000000006f96                flowid_cmp
 .text.flowid_print
                0x0000000000006fa4        0xe contiki-wismote.a(sdn-addr.o)
                0x0000000000006fa4                flowid_print
 .text.sdn_send_queue_init
                0x0000000000006fb2       0x2a contiki-wismote.a(sdn-queue.o)
                0x0000000000006fb2                sdn_send_queue_init
 .text.sdn_send_queue_empty
                0x0000000000006fdc        0xc contiki-wismote.a(sdn-queue.o)
                0x0000000000006fdc                sdn_send_queue_empty
 .text.sdn_send_queue_head
                0x0000000000006fe8       0x12 contiki-wismote.a(sdn-queue.o)
                0x0000000000006fe8                sdn_send_queue_head
 .text.sdn_send_queue_dequeue
                0x0000000000006ffa       0x42 contiki-wismote.a(sdn-queue.o)
                0x0000000000006ffa                sdn_send_queue_dequeue
 .text.sdn_send_queue_print
                0x000000000000703c       0xd2 contiki-wismote.a(sdn-queue.o)
                0x000000000000703c                sdn_send_queue_print
 .text.sdn_send_queue_enqueue
                0x000000000000710e       0x4c contiki-wismote.a(sdn-queue.o)
                0x000000000000710e                sdn_send_queue_enqueue
 .text.sdn_recv_queue_init
                0x000000000000715a       0x28 contiki-wismote.a(sdn-queue.o)
                0x000000000000715a                sdn_recv_queue_init
 .text.sdn_recv_queue_empty
                0x0000000000007182        0xc contiki-wismote.a(sdn-queue.o)
                0x0000000000007182                sdn_recv_queue_empty
 .text.sdn_recv_queue_print
                0x000000000000718e       0xc6 contiki-wismote.a(sdn-queue.o)
                0x000000000000718e                sdn_recv_queue_print
 .text.sdn_recv_queue_enqueue
                0x0000000000007254       0x46 contiki-wismote.a(sdn-queue.o)
                0x0000000000007254                sdn_recv_queue_enqueue
 .text.sdn_recv_queue_dequeue
                0x000000000000729a       0x44 contiki-wismote.a(sdn-queue.o)
                0x000000000000729a                sdn_recv_queue_dequeue
 .text.treat_control_flow_setup
                0x00000000000072de       0x58 contiki-wismote.a(sdn-process-pac)
 .text.treat_data_flow_setup
                0x0000000000007336       0x80 contiki-wismote.a(sdn-process-pac)
 .text.check_packet_len
                0x00000000000073b6      0x102 contiki-wismote.a(sdn-process-pac)
                0x00000000000073b6                check_packet_len
 .text.sdn_treat_packet
                0x00000000000074b8      0x992 contiki-wismote.a(sdn-process-pac)
                0x00000000000074b8                sdn_treat_packet
 .text.sdn_unknown_route_init
                0x0000000000007e4a       0x28 contiki-wismote.a(sdn-unknown-rou)
                0x0000000000007e4a                sdn_unknown_route_init
 .text.sdn_solve_unknown_flow
                0x0000000000007e72       0xa4 contiki-wismote.a(sdn-unknown-rou)
                0x0000000000007e72                sdn_solve_unknown_flow
 .text.sdn_solve_unknown_dest
                0x0000000000007f16       0x88 contiki-wismote.a(sdn-unknown-rou)
                0x0000000000007f16                sdn_solve_unknown_dest
 .text.store_packet
                0x0000000000007f9e       0x3c contiki-wismote.a(sdn-unknown-rou)
                0x0000000000007f9e                store_packet
 .text.sdn_unknown_dest
                0x0000000000007fda       0x48 contiki-wismote.a(sdn-unknown-rou)
                0x0000000000007fda                sdn_unknown_dest
 .text.sdn_unknown_flow
                0x0000000000008022       0x48 contiki-wismote.a(sdn-unknown-rou)
                0x0000000000008022                sdn_unknown_flow
 .text.sdn_send_control_flow_request
                0x000000000000806a      0x158 contiki-wismote.a(sdn-send-packet)
                0x000000000000806a                sdn_send_control_flow_request
 .text.sdn_send_data_flow_request
                0x00000000000081c2      0x15a contiki-wismote.a(sdn-send-packet)
                0x00000000000081c2                sdn_send_data_flow_request
 .text.sdn_send_neighbor_report
                0x000000000000831c      0x1c2 contiki-wismote.a(sdn-send-packet)
                0x000000000000831c                sdn_send_neighbor_report
 .text.sdn_send_unlock_neighbor
                0x00000000000084de        0x6 contiki-wismote.a(sdn-send-packet)
                0x00000000000084de                sdn_send_unlock_neighbor
 .text.sdn_send_data_flow_setup_ack
                0x00000000000084e4      0x1a4 contiki-wismote.a(sdn-send-packet)
                0x00000000000084e4                sdn_send_data_flow_setup_ack
 .text.sdn_send_control_flow_setup_ack
                0x0000000000008688      0x19e contiki-wismote.a(sdn-send-packet)
                0x0000000000008688                sdn_send_control_flow_setup_ack
 .text.sdn_send_data
                0x0000000000008826      0x15e contiki-wismote.a(sdn-send-packet)
                0x0000000000008826                sdn_send_data
 .text.null_cd_get
                0x0000000000008984        0x2 contiki-wismote.a(null-cd.o)
                0x0000000000008984                null_cd_get
 .text.null_cd_input
                0x0000000000008986        0x2 contiki-wismote.a(null-cd.o)
                0x0000000000008986                null_cd_input
 .text.null_cd_init
                0x0000000000008988       0x14 contiki-wismote.a(null-cd.o)
                0x0000000000008988                null_cd_init
 .text.get_consumed_energy
                0x000000000000899c       0x42 contiki-wismote.a(energy-manager.)
                0x000000000000899c                get_consumed_energy
 .text.em_get_battery
                0x00000000000089de       0x62 contiki-wismote.a(energy-manager.)
                0x00000000000089de                em_get_battery
 .text.em_init  0x0000000000008a40       0x50 contiki-wismote.a(energy-manager.)
                0x0000000000008a40                em_init
 .text.time_to_estimate
                0x0000000000008a90       0x34 contiki-wismote.a(energy-manager.)
 .text.em_has_battery
                0x0000000000008ac4        0x4 contiki-wismote.a(energy-manager.)
                0x0000000000008ac4                em_has_battery
 .text.init     0x0000000000008ac8       0x1c contiki-wismote.a(protocol-commut)
 .text.on_frame_created
                0x0000000000008ae4        0x4 contiki-wismote.a(protocol-commut)
 .text.get_overhead
                0x0000000000008ae8        0x4 contiki-wismote.a(protocol-commut)
 .text.input    0x0000000000008aec       0x2a contiki-wismote.a(protocol-commut)
 .text.llsec_sent
                0x0000000000008b16       0x54 contiki-wismote.a(protocol-commut)
 .text.send     0x0000000000008b6a      0x134 contiki-wismote.a(protocol-commut)
 .text.nd_input
                0x0000000000008c9e        0x2 contiki-wismote.a(collect-nd.o)
                0x0000000000008c9e                nd_input
 .text.neighbors_init
                0x0000000000008ca0       0x4c contiki-wismote.a(collect-nd.o)
                0x0000000000008ca0                neighbors_init
 .text.sdn_neighbors_table_act
                0x0000000000008cec       0x32 contiki-wismote.a(collect-nd.o)
                0x0000000000008cec                sdn_neighbors_table_act
 .text.process_thread_neighbors_discovery
                0x0000000000008d1e       0x6c contiki-wismote.a(collect-nd.o)
 .text.collect_pointer
                0x0000000000008d8a        0x6 contiki-wismote.a(collect-nd.o)
                0x0000000000008d8a                collect_pointer
 .text.send_packet
                0x0000000000008d90       0x36 contiki-wismote.a(collectsdn.o)
 .text.enqueue_dummy_packet
                0x0000000000008dc6       0x7c contiki-wismote.a(collectsdn.o)
 .text.send_ack
                0x0000000000008e42       0x64 contiki-wismote.a(collectsdn.o)
 .text.send_queued_packet
                0x0000000000008ea6       0xc0 contiki-wismote.a(collectsdn.o)
 .text.send_next_packet
                0x0000000000008f66       0x2c contiki-wismote.a(collectsdn.o)
 .text.update_rtmetric
                0x0000000000008f92       0xee contiki-wismote.a(collectsdn.o)
 .text.received_announcement
                0x0000000000009080       0x82 contiki-wismote.a(collectsdn.o)
 .text.set_keepalive_timer
                0x0000000000009102       0x56 contiki-wismote.a(collectsdn.o)
 .text.timedout
                0x0000000000009158       0x38 contiki-wismote.a(collectsdn.o)
 .text.retransmit_callback
                0x0000000000009190       0xc4 contiki-wismote.a(collectsdn.o)
 .text.retransmit_not_sent_callback
                0x0000000000009254        0xc contiki-wismote.a(collectsdn.o)
 .text.node_packet_sent
                0x0000000000009260       0x58 contiki-wismote.a(collectsdn.o)
 .text.send_keepalive
                0x00000000000092b8       0x32 contiki-wismote.a(collectsdn.o)
 .text.add_packet_to_recent_packets.part.6
                0x00000000000092ea       0x48 contiki-wismote.a(collectsdn.o)
 .text.node_packet_received
                0x0000000000009332      0x2ea contiki-wismote.a(collectsdn.o)
 .text.proactive_probing_callback
                0x000000000000961c       0xd6 contiki-wismote.a(collectsdn.o)
 .text.collect_sdn_open
                0x00000000000096f2       0xd2 contiki-wismote.a(collectsdn.o)
                0x00000000000096f2                collect_sdn_open
 .text.collect_sdn_set_sink
                0x00000000000097c4       0x64 contiki-wismote.a(collectsdn.o)
                0x00000000000097c4                collect_sdn_set_sink
 .text.collect_sdn_parent
                0x0000000000009828        0x6 contiki-wismote.a(collectsdn.o)
                0x0000000000009828                collect_sdn_parent
 .text.cd_input
                0x000000000000982e        0x2 contiki-wismote.a(collect-cd.o)
                0x000000000000982e                cd_input
 .text.collect_cd_get
                0x0000000000009830       0x10 contiki-wismote.a(collect-cd.o)
                0x0000000000009830                collect_cd_get
 .text.collect_cd_init
                0x0000000000009840       0x2e contiki-wismote.a(collect-cd.o)
                0x0000000000009840                collect_cd_init
 .text.print_parent
                0x000000000000986e       0x1a contiki-wismote.a(collect-cd.o)
                0x000000000000986e                print_parent
 .text.collect_cd_act
                0x0000000000009888       0x32 contiki-wismote.a(collect-cd.o)
                0x0000000000009888                collect_cd_act
 .text.process_thread_controller_discovery
                0x00000000000098ba       0x42 contiki-wismote.a(collect-cd.o)
 .text.init_platform
                0x00000000000098fc        0xc contiki-wismote.a(contiki-wismote)
                0x00000000000098fc                init_platform
 .text.status   0x0000000000009908       0x16 contiki-wismote.a(button-sensor.o)
 .text.configure
                0x000000000000991e       0x52 contiki-wismote.a(button-sensor.o)
 .text.value    0x0000000000009970       0x22 contiki-wismote.a(button-sensor.o)
 .text.irq_p2   0x0000000000009992       0x76 contiki-wismote.a(button-sensor.o)
                0x0000000000009992                irq_p2
                0x0000000000009992                __isr_42
 .text.process_thread_sensors_process
                0x0000000000009a08       0xbe contiki-wismote.a(sensors.o)
 .text.sensors_changed
                0x0000000000009ac6       0x2a contiki-wismote.a(sensors.o)
                0x0000000000009ac6                sensors_changed
 .text.get_value
                0x0000000000009af0       0x4a contiki-wismote.a(cc2520.o)
 .text.get_object
                0x0000000000009b3a        0x4 contiki-wismote.a(cc2520.o)
 .text.set_object
                0x0000000000009b3e        0x4 contiki-wismote.a(cc2520.o)
 .text.cc2520_receiving_packet
                0x0000000000009b42        0x8 contiki-wismote.a(cc2520.o)
 .text.pending_packet
                0x0000000000009b4a       0x10 contiki-wismote.a(cc2520.o)
 .text.status   0x0000000000009b5a       0x5a contiki-wismote.a(cc2520.o)
 .text.strobe   0x0000000000009bb4       0x56 contiki-wismote.a(cc2520.o)
 .text.on       0x0000000000009c0a       0x42 contiki-wismote.a(cc2520.o)
 .text.flushrx  0x0000000000009c4c      0x10c contiki-wismote.a(cc2520.o)
 .text.off      0x0000000000009d58       0x70 contiki-wismote.a(cc2520.o)
 .text.RELEASE_LOCK
                0x0000000000009dc8       0x28 contiki-wismote.a(cc2520.o)
 .text.getrxdata
                0x0000000000009df0       0x88 contiki-wismote.a(cc2520.o)
 .text.setreg   0x0000000000009e78       0x78 contiki-wismote.a(cc2520.o)
 .text.cc2520_prepare
                0x0000000000009ef0       0xf6 contiki-wismote.a(cc2520.o)
 .text.getreg   0x0000000000009fe6       0x84 contiki-wismote.a(cc2520.o)
 .text.cc2520_on
                0x000000000000a06a       0x22 contiki-wismote.a(cc2520.o)
                0x000000000000a06a                cc2520_on
 .text.cc2520_off
                0x000000000000a08c       0x30 contiki-wismote.a(cc2520.o)
                0x000000000000a08c                cc2520_off
 .text.cc2520_cca
                0x000000000000a0bc       0x72 contiki-wismote.a(cc2520.o)
 .text.cc2520_read
                0x000000000000a12e      0x10e contiki-wismote.a(cc2520.o)
 .text.process_thread_cc2520_process
                0x000000000000a23c       0x50 contiki-wismote.a(cc2520.o)
 .text.cc2520_set_channel
                0x000000000000a28c       0x70 contiki-wismote.a(cc2520.o)
                0x000000000000a28c                cc2520_set_channel
 .text.set_value
                0x000000000000a2fc       0x40 contiki-wismote.a(cc2520.o)
 .text.cc2520_set_pan_addr
                0x000000000000a33c      0x1ce contiki-wismote.a(cc2520.o)
                0x000000000000a33c                cc2520_set_pan_addr
 .text.cc2520_init
                0x000000000000a50a      0x17c contiki-wismote.a(cc2520.o)
                0x000000000000a50a                cc2520_init
 .text.cc2520_interrupt
                0x000000000000a686       0x1c contiki-wismote.a(cc2520.o)
                0x000000000000a686                cc2520_interrupt
 .text.cc2520_get_txpower
                0x000000000000a6a2       0x1a contiki-wismote.a(cc2520.o)
                0x000000000000a6a2                cc2520_get_txpower
 .text.cc2520_transmit
                0x000000000000a6bc      0x1d0 contiki-wismote.a(cc2520.o)
 .text.cc2520_send
                0x000000000000a88c       0x12 contiki-wismote.a(cc2520.o)
 .text.cc2520_port1_interrupt
                0x000000000000a89e       0x4e contiki-wismote.a(cc2520-arch.o)
                0x000000000000a89e                __isr_47
                0x000000000000a89e                cc2520_port1_interrupt
 .text.cc2520_arch_init
                0x000000000000a8ec       0x4a contiki-wismote.a(cc2520-arch.o)
                0x000000000000a8ec                cc2520_arch_init
 .text.uart1_active
                0x000000000000a936        0xe contiki-wismote.a(uart1.o)
                0x000000000000a936                uart1_active
 .text.uart1_set_input
                0x000000000000a944        0x6 contiki-wismote.a(uart1.o)
                0x000000000000a944                uart1_set_input
 .text.uart1_writeb
                0x000000000000a94a       0x18 contiki-wismote.a(uart1.o)
                0x000000000000a94a                uart1_writeb
 .text.uart1_init
                0x000000000000a962       0x6a contiki-wismote.a(uart1.o)
                0x000000000000a962                uart1_init
 .text.uart1_rx_interrupt
                0x000000000000a9cc       0x6e contiki-wismote.a(uart1.o)
                0x000000000000a9cc                __isr_46
                0x000000000000a9cc                uart1_rx_interrupt
 .text.putchar  0x000000000000aa3a       0x10 contiki-wismote.a(uart1-putchar.o)
                0x000000000000aa3a                putchar
 .text.msp430_init_dco
                0x000000000000aa4a       0x20 contiki-wismote.a(msp430.o)
                0x000000000000aa4a                msp430_init_dco
 .text.msp430_cpu_init
                0x000000000000aa6a       0x82 contiki-wismote.a(msp430.o)
                0x000000000000aa6a                msp430_cpu_init
 .text.splhigh_
                0x000000000000aaec        0x8 contiki-wismote.a(msp430.o)
                0x000000000000aaec                splhigh_
 .text.timera1  0x000000000000aaf4       0xf8 contiki-wismote.a(clock.o)
                0x000000000000aaf4                __isr_48
                0x000000000000aaf4                timera1
 .text.clock_time
                0x000000000000abec       0x1a contiki-wismote.a(clock.o)
                0x000000000000abec                clock_time
 .text.clock_init
                0x000000000000ac06       0x28 contiki-wismote.a(clock.o)
                0x000000000000ac06                clock_init
 .text.clock_delay
                0x000000000000ac2e        0xc contiki-wismote.a(clock.o)
                0x000000000000ac2e                clock_delay
 .text.clock_wait
                0x000000000000ac3a       0x28 contiki-wismote.a(clock.o)
                0x000000000000ac3a                clock_wait
 .text.show_leds
                0x000000000000ac62       0xee contiki-wismote.a(leds.o)
 .text.leds_init
                0x000000000000ad50        0xa contiki-wismote.a(leds.o)
                0x000000000000ad50                leds_init
 .text.leds_on  0x000000000000ad5a        0xa contiki-wismote.a(leds.o)
                0x000000000000ad5a                leds_on
 .text.leds_off
                0x000000000000ad64        0xe contiki-wismote.a(leds.o)
                0x000000000000ad64                leds_off
 .text.leds_arch_init
                0x000000000000ad72       0x22 contiki-wismote.a(leds-arch.o)
                0x000000000000ad72                leds_arch_init
 .text.leds_arch_set
                0x000000000000ad94       0x50 contiki-wismote.a(leds-arch.o)
                0x000000000000ad94                leds_arch_set
 .text.watchdog_interrupt
                0x000000000000ade4        0x6 contiki-wismote.a(watchdog.o)
                0x000000000000ade4                watchdog_interrupt
                0x000000000000ade4                __isr_58
 .text.watchdog_start
                0x000000000000adea       0x14 contiki-wismote.a(watchdog.o)
                0x000000000000adea                watchdog_start
 .text.watchdog_periodic
                0x000000000000adfe       0x12 contiki-wismote.a(watchdog.o)
                0x000000000000adfe                watchdog_periodic
 .text.watchdog_stop
                0x000000000000ae10       0x16 contiki-wismote.a(watchdog.o)
                0x000000000000ae10                watchdog_stop
 .text.watchdog_init
                0x000000000000ae26       0x14 contiki-wismote.a(watchdog.o)
                0x000000000000ae26                watchdog_init
 .text.rtimer_arch_init
                0x000000000000ae3a        0xe contiki-wismote.a(rtimer-arch.o)
                0x000000000000ae3a                rtimer_arch_init
 .text.rtimer_arch_now
                0x000000000000ae48        0xe contiki-wismote.a(rtimer-arch.o)
                0x000000000000ae48                rtimer_arch_now
 .text.timera0  0x000000000000ae56       0x5c contiki-wismote.a(rtimer-arch.o)
                0x000000000000ae56                __isr_49
                0x000000000000ae56                timera0
 .text.rtimer_arch_schedule
                0x000000000000aeb2        0x6 contiki-wismote.a(rtimer-arch.o)
                0x000000000000aeb2                rtimer_arch_schedule
 .text.autostart_start
                0x000000000000aeb8       0x16 contiki-wismote.a(autostart.o)
                0x000000000000aeb8                autostart_start
 .text.energest_init
                0x000000000000aece       0x28 contiki-wismote.a(energest.o)
                0x000000000000aece                energest_init
 .text.energest_type_time
                0x000000000000aef6       0x3c contiki-wismote.a(energest.o)
                0x000000000000aef6                energest_type_time
 .text.energest_type_set
                0x000000000000af32        0xc contiki-wismote.a(energest.o)
                0x000000000000af32                energest_type_set
 .text.energest_flush
                0x000000000000af3e       0x38 contiki-wismote.a(energest.o)
                0x000000000000af3e                energest_flush
 .text.process_thread_ctimer_process
                0x000000000000af76       0x9c contiki-wismote.a(ctimer.o)
 .text.ctimer_init
                0x000000000000b012       0x18 contiki-wismote.a(ctimer.o)
                0x000000000000b012                ctimer_init
 .text.ctimer_set
                0x000000000000b02a       0x48 contiki-wismote.a(ctimer.o)
                0x000000000000b02a                ctimer_set
 .text.ctimer_reset
                0x000000000000b072       0x2c contiki-wismote.a(ctimer.o)
                0x000000000000b072                ctimer_reset
 .text.ctimer_stop
                0x000000000000b09e       0x28 contiki-wismote.a(ctimer.o)
                0x000000000000b09e                ctimer_stop
 .text.update_time
                0x000000000000b0c6       0x70 contiki-wismote.a(etimer.o)
 .text.etimer_request_poll
                0x000000000000b136        0xa contiki-wismote.a(etimer.o)
                0x000000000000b136                etimer_request_poll
 .text.process_thread_etimer_process
                0x000000000000b140       0xc0 contiki-wismote.a(etimer.o)
 .text.add_timer
                0x000000000000b200       0x40 contiki-wismote.a(etimer.o)
 .text.etimer_set
                0x000000000000b240       0x12 contiki-wismote.a(etimer.o)
                0x000000000000b240                etimer_set
 .text.etimer_reset
                0x000000000000b252       0x12 contiki-wismote.a(etimer.o)
                0x000000000000b252                etimer_reset
 .text.etimer_restart
                0x000000000000b264       0x12 contiki-wismote.a(etimer.o)
                0x000000000000b264                etimer_restart
 .text.etimer_expired
                0x000000000000b276        0xe contiki-wismote.a(etimer.o)
                0x000000000000b276                etimer_expired
 .text.etimer_pending
                0x000000000000b284        0xc contiki-wismote.a(etimer.o)
                0x000000000000b284                etimer_pending
 .text.etimer_next_expiration_time
                0x000000000000b290       0x16 contiki-wismote.a(etimer.o)
                0x000000000000b290                etimer_next_expiration_time
 .text.etimer_stop
                0x000000000000b2a6       0x3c contiki-wismote.a(etimer.o)
                0x000000000000b2a6                etimer_stop
 .text.call_process
                0x000000000000b2e2       0x44 contiki-wismote.a(process.o)
 .text.exit_process
                0x000000000000b326       0x88 contiki-wismote.a(process.o)
 .text.do_poll  0x000000000000b3ae       0x30 contiki-wismote.a(process.o)
 .text.process_alloc_event
                0x000000000000b3de        0xe contiki-wismote.a(process.o)
                0x000000000000b3de                process_alloc_event
 .text.process_init
                0x000000000000b3ec       0x1c contiki-wismote.a(process.o)
                0x000000000000b3ec                process_init
 .text.process_run
                0x000000000000b408       0xa4 contiki-wismote.a(process.o)
                0x000000000000b408                process_run
 .text.process_nevents
                0x000000000000b4ac        0xe contiki-wismote.a(process.o)
                0x000000000000b4ac                process_nevents
 .text.process_post
                0x000000000000b4ba       0x50 contiki-wismote.a(process.o)
                0x000000000000b4ba                process_post
 .text.process_post_synch
                0x000000000000b50a       0x12 contiki-wismote.a(process.o)
                0x000000000000b50a                process_post_synch
 .text.process_start
                0x000000000000b51c       0x32 contiki-wismote.a(process.o)
                0x000000000000b51c                process_start
 .text.process_poll
                0x000000000000b54e       0x18 contiki-wismote.a(process.o)
                0x000000000000b54e                process_poll
 .text.rtimer_init
                0x000000000000b566        0x6 contiki-wismote.a(rtimer.o)
                0x000000000000b566                rtimer_init
 .text.rtimer_run_next
                0x000000000000b56c       0x26 contiki-wismote.a(rtimer.o)
                0x000000000000b56c                rtimer_run_next
 .text.timer_set
                0x000000000000b592       0x1c contiki-wismote.a(timer.o)
                0x000000000000b592                timer_set
 .text.timer_reset
                0x000000000000b5ae        0xe contiki-wismote.a(timer.o)
                0x000000000000b5ae                timer_reset
 .text.timer_restart
                0x000000000000b5bc       0x14 contiki-wismote.a(timer.o)
                0x000000000000b5bc                timer_restart
 .text.timer_expired
                0x000000000000b5d0       0x2a contiki-wismote.a(timer.o)
                0x000000000000b5d0                timer_expired
 .text.process_thread_serial_line_process
                0x000000000000b5fa       0x9c contiki-wismote.a(serial-line.o)
 .text.serial_line_input_byte
                0x000000000000b696       0x4a contiki-wismote.a(serial-line.o)
                0x000000000000b696                serial_line_input_byte
 .text.serial_line_init
                0x000000000000b6e0       0x1c contiki-wismote.a(serial-line.o)
                0x000000000000b6e0                serial_line_init
 .text.list_init
                0x000000000000b6fc        0x6 contiki-wismote.a(list.o)
                0x000000000000b6fc                list_init
 .text.list_head
                0x000000000000b702        0x4 contiki-wismote.a(list.o)
                0x000000000000b702                list_head
 .text.list_tail
                0x000000000000b706       0x12 contiki-wismote.a(list.o)
                0x000000000000b706                list_tail
 .text.list_remove
                0x000000000000b718       0x34 contiki-wismote.a(list.o)
                0x000000000000b718                list_remove
 .text.list_add
                0x000000000000b74c       0x26 contiki-wismote.a(list.o)
                0x000000000000b74c                list_add
 .text.list_length
                0x000000000000b772       0x10 contiki-wismote.a(list.o)
                0x000000000000b772                list_length
 .text.list_item_next
                0x000000000000b782        0xc contiki-wismote.a(list.o)
                0x000000000000b782                list_item_next
 .text.memb_init
                0x000000000000b78e       0x36 contiki-wismote.a(memb.o)
                0x000000000000b78e                memb_init
 .text.memb_alloc
                0x000000000000b7c4       0x3e contiki-wismote.a(memb.o)
                0x000000000000b7c4                memb_alloc
 .text.memb_free
                0x000000000000b802       0x3a contiki-wismote.a(memb.o)
                0x000000000000b802                memb_free
 .text.memb_inmemb
                0x000000000000b83c       0x2e contiki-wismote.a(memb.o)
                0x000000000000b83c                memb_inmemb
 .text.random_rand
                0x000000000000b86a        0x6 contiki-wismote.a(random.o)
                0x000000000000b86a                random_rand
 .text.ringbuf_init
                0x000000000000b870       0x14 contiki-wismote.a(ringbuf.o)
                0x000000000000b870                ringbuf_init
 .text.ringbuf_put
                0x000000000000b884       0x38 contiki-wismote.a(ringbuf.o)
                0x000000000000b884                ringbuf_put
 .text.ringbuf_get
                0x000000000000b8bc       0x2e contiki-wismote.a(ringbuf.o)
                0x000000000000b8bc                ringbuf_get
 .text.remove_queued_packet
                0x000000000000b8ea       0x32 contiki-wismote.a(packetqueue.o)
 .text.packetqueue_enqueue_packetbuf
                0x000000000000b91c       0x6a contiki-wismote.a(packetqueue.o)
                0x000000000000b91c                packetqueue_enqueue_packetbuf
 .text.packetqueue_first
                0x000000000000b986        0xa contiki-wismote.a(packetqueue.o)
                0x000000000000b986                packetqueue_first
 .text.packetqueue_dequeue
                0x000000000000b990       0x3c contiki-wismote.a(packetqueue.o)
                0x000000000000b990                packetqueue_dequeue
 .text.packetqueue_len
                0x000000000000b9cc        0xa contiki-wismote.a(packetqueue.o)
                0x000000000000b9cc                packetqueue_len
 .text.packetqueue_queuebuf
                0x000000000000b9d6        0xe contiki-wismote.a(packetqueue.o)
                0x000000000000b9d6                packetqueue_queuebuf
 .text.input    0x000000000000b9e4       0x36 contiki-wismote.a(rime.o)
 .text.init     0x000000000000ba1a       0x2e contiki-wismote.a(rime.o)
 .text.packet_sent
                0x000000000000ba48       0x38 contiki-wismote.a(rime.o)
 .text.rime_output
                0x000000000000ba80       0x24 contiki-wismote.a(rime.o)
                0x000000000000ba80                rime_output
 .text.adv_packet_sent
                0x000000000000baa4        0x2 contiki-wismote.a(broadcast-annou)
 .text.adv_packet_received
                0x000000000000baa6       0x58 contiki-wismote.a(broadcast-annou)
 .text.set_timers
                0x000000000000bafe       0x4a contiki-wismote.a(broadcast-annou)
 .text.send_timer
                0x000000000000bb48       0x36 contiki-wismote.a(broadcast-annou)
 .text.new_announcement
                0x000000000000bb7e       0x18 contiki-wismote.a(broadcast-annou)
 .text.send_adv
                0x000000000000bb96       0x60 contiki-wismote.a(broadcast-annou)
 .text.broadcast_announcement_init
                0x000000000000bbf6       0x44 contiki-wismote.a(broadcast-annou)
                0x000000000000bbf6                broadcast_announcement_init
 .text.sent_by_abc
                0x000000000000bc3a       0x10 contiki-wismote.a(broadcast.o)
 .text.recv_from_abc
                0x000000000000bc4a       0x26 contiki-wismote.a(broadcast.o)
 .text.broadcast_open
                0x000000000000bc70       0x22 contiki-wismote.a(broadcast.o)
                0x000000000000bc70                broadcast_open
 .text.broadcast_send
                0x000000000000bc92       0x1a contiki-wismote.a(broadcast.o)
                0x000000000000bc92                broadcast_send
 .text.channel_init
                0x000000000000bcac        0xa contiki-wismote.a(channel.o)
                0x000000000000bcac                channel_init
 .text.channel_open
                0x000000000000bcb6       0x10 contiki-wismote.a(channel.o)
                0x000000000000bcb6                channel_open
 .text.channel_lookup
                0x000000000000bcc6       0x20 contiki-wismote.a(channel.o)
                0x000000000000bcc6                channel_lookup
 .text.channel_set_attributes
                0x000000000000bce6       0x20 contiki-wismote.a(channel.o)
                0x000000000000bce6                channel_set_attributes
 .text.chameleon_init
                0x000000000000bd06        0x6 contiki-wismote.a(chameleon.o)
                0x000000000000bd06                chameleon_init
 .text.chameleon_parse
                0x000000000000bd0c       0x10 contiki-wismote.a(chameleon.o)
                0x000000000000bd0c                chameleon_parse
 .text.chameleon_create
                0x000000000000bd1c       0x1c contiki-wismote.a(chameleon.o)
                0x000000000000bd1c                chameleon_create
 .text.chameleon_hdrsize
                0x000000000000bd38        0x6 contiki-wismote.a(chameleon.o)
                0x000000000000bd38                chameleon_hdrsize
 .text.sent_by_broadcast
                0x000000000000bd3e       0x10 contiki-wismote.a(unicast.o)
 .text.recv_from_broadcast
                0x000000000000bd4e       0x2a contiki-wismote.a(unicast.o)
 .text.unicast_open
                0x000000000000bd78       0x22 contiki-wismote.a(unicast.o)
                0x000000000000bd78                unicast_open
 .text.unicast_send
                0x000000000000bd9a       0x16 contiki-wismote.a(unicast.o)
                0x000000000000bd9a                unicast_send
 .text.abc_open
                0x000000000000bdb0       0x1e contiki-wismote.a(abc.o)
                0x000000000000bdb0                abc_open
 .text.abc_send
                0x000000000000bdce        0x6 contiki-wismote.a(abc.o)
                0x000000000000bdce                abc_send
 .text.abc_input
                0x000000000000bdd4        0xe contiki-wismote.a(abc.o)
                0x000000000000bdd4                abc_input
 .text.abc_sent
                0x000000000000bde2       0x10 contiki-wismote.a(abc.o)
                0x000000000000bde2                abc_sent
 .text.collect_link_estimate_new
                0x000000000000bdf2       0x12 contiki-wismote.a(collect-link-es)
                0x000000000000bdf2                collect_link_estimate_new
 .text.collect_link_estimate_update_tx
                0x000000000000be04       0xa2 contiki-wismote.a(collect-link-es)
                0x000000000000be04                collect_link_estimate_update_tx
 .text.collect_link_estimate_update_tx_fail
                0x000000000000bea6       0x10 contiki-wismote.a(collect-link-es)
                0x000000000000bea6                collect_link_estimate_update_tx_fail
 .text.collect_link_estimate
                0x000000000000beb6       0x18 contiki-wismote.a(collect-link-es)
                0x000000000000beb6                collect_link_estimate
 .text.collect_link_estimate_num_estimates
                0x000000000000bece        0xe contiki-wismote.a(collect-link-es)
                0x000000000000bece                collect_link_estimate_num_estimates
 .text.announcement_init
                0x000000000000bedc        0xa contiki-wismote.a(announcement.o)
                0x000000000000bedc                announcement_init
 .text.announcement_register
                0x000000000000bee6       0x3a contiki-wismote.a(announcement.o)
                0x000000000000bee6                announcement_register
 .text.announcement_set_value
                0x000000000000bf20       0x28 contiki-wismote.a(announcement.o)
                0x000000000000bf20                announcement_set_value
 .text.announcement_bump
                0x000000000000bf48       0x22 contiki-wismote.a(announcement.o)
                0x000000000000bf48                announcement_bump
 .text.announcement_register_observer_callback
                0x000000000000bf6a        0x6 contiki-wismote.a(announcement.o)
                0x000000000000bf6a                announcement_register_observer_callback
 .text.announcement_list
                0x000000000000bf70        0xa contiki-wismote.a(announcement.o)
                0x000000000000bf70                announcement_list
 .text.announcement_heard
                0x000000000000bf7a       0x36 contiki-wismote.a(announcement.o)
                0x000000000000bf7a                announcement_heard
 .text.periodic
                0x000000000000bfb0       0x8a contiki-wismote.a(collect-neighbo)
 .text.collect_neighbor_init
                0x000000000000c03a       0x14 contiki-wismote.a(collect-neighbo)
                0x000000000000c03a                collect_neighbor_init
 .text.collect_neighbor_list_new
                0x000000000000c04e       0x32 contiki-wismote.a(collect-neighbo)
                0x000000000000c04e                collect_neighbor_list_new
 .text.collect_neighbor_list_find
                0x000000000000c080       0x36 contiki-wismote.a(collect-neighbo)
                0x000000000000c080                collect_neighbor_list_find
 .text.collect_neighbor_list_add
                0x000000000000c0b6       0x9e contiki-wismote.a(collect-neighbo)
                0x000000000000c0b6                collect_neighbor_list_add
 .text.collect_neighbor_list
                0x000000000000c154        0xe contiki-wismote.a(collect-neighbo)
                0x000000000000c154                collect_neighbor_list
 .text.collect_neighbor_update_rtmetric
                0x000000000000c162        0xe contiki-wismote.a(collect-neighbo)
                0x000000000000c162                collect_neighbor_update_rtmetric
 .text.collect_neighbor_tx_fail
                0x000000000000c170       0x1e contiki-wismote.a(collect-neighbo)
                0x000000000000c170                collect_neighbor_tx_fail
 .text.collect_neighbor_tx
                0x000000000000c18e       0x1e contiki-wismote.a(collect-neighbo)
                0x000000000000c18e                collect_neighbor_tx
 .text.collect_neighbor_rtmetric_link_estimate
                0x000000000000c1ac       0x1c contiki-wismote.a(collect-neighbo)
                0x000000000000c1ac                collect_neighbor_rtmetric_link_estimate
 .text.collect_neighbor_list_best
                0x000000000000c1c8       0x42 contiki-wismote.a(collect-neighbo)
                0x000000000000c1c8                collect_neighbor_list_best
 .text.collect_neighbor_rtmetric
                0x000000000000c20a        0xe contiki-wismote.a(collect-neighbo)
                0x000000000000c20a                collect_neighbor_rtmetric
 .text.collect_neighbor_set_congested
                0x000000000000c218       0x14 contiki-wismote.a(collect-neighbo)
                0x000000000000c218                collect_neighbor_set_congested
 .text.queuebuf_init
                0x000000000000c22c       0x12 contiki-wismote.a(queuebuf.o)
                0x000000000000c22c                queuebuf_init
 .text.queuebuf_new_from_packetbuf
                0x000000000000c23e       0x4e contiki-wismote.a(queuebuf.o)
                0x000000000000c23e                queuebuf_new_from_packetbuf
 .text.queuebuf_free
                0x000000000000c28c       0x2a contiki-wismote.a(queuebuf.o)
                0x000000000000c28c                queuebuf_free
 .text.queuebuf_to_packetbuf
                0x000000000000c2b6       0x32 contiki-wismote.a(queuebuf.o)
                0x000000000000c2b6                queuebuf_to_packetbuf
 .text.packetbuf_compact
                0x000000000000c2e8       0x2e contiki-wismote.a(packetbuf.o)
                0x000000000000c2e8                packetbuf_compact
 .text.packetbuf_copyto
                0x000000000000c316       0x46 contiki-wismote.a(packetbuf.o)
                0x000000000000c316                packetbuf_copyto
 .text.packetbuf_hdrreduce
                0x000000000000c35c       0x1a contiki-wismote.a(packetbuf.o)
                0x000000000000c35c                packetbuf_hdrreduce
 .text.packetbuf_set_datalen
                0x000000000000c376        0x6 contiki-wismote.a(packetbuf.o)
                0x000000000000c376                packetbuf_set_datalen
 .text.packetbuf_dataptr
                0x000000000000c37c        0xe contiki-wismote.a(packetbuf.o)
                0x000000000000c37c                packetbuf_dataptr
 .text.packetbuf_hdrptr
                0x000000000000c38a        0xa contiki-wismote.a(packetbuf.o)
                0x000000000000c38a                packetbuf_hdrptr
 .text.packetbuf_datalen
                0x000000000000c394        0x6 contiki-wismote.a(packetbuf.o)
                0x000000000000c394                packetbuf_datalen
 .text.packetbuf_hdrlen
                0x000000000000c39a       0x10 contiki-wismote.a(packetbuf.o)
                0x000000000000c39a                packetbuf_hdrlen
 .text.packetbuf_totlen
                0x000000000000c3aa        0xc contiki-wismote.a(packetbuf.o)
                0x000000000000c3aa                packetbuf_totlen
 .text.packetbuf_hdralloc
                0x000000000000c3b6       0x2a contiki-wismote.a(packetbuf.o)
                0x000000000000c3b6                packetbuf_hdralloc
 .text.packetbuf_attr_clear
                0x000000000000c3e0       0x2c contiki-wismote.a(packetbuf.o)
                0x000000000000c3e0                packetbuf_attr_clear
 .text.packetbuf_clear
                0x000000000000c40c       0x1a contiki-wismote.a(packetbuf.o)
                0x000000000000c40c                packetbuf_clear
 .text.packetbuf_copyfrom
                0x000000000000c426       0x2a contiki-wismote.a(packetbuf.o)
                0x000000000000c426                packetbuf_copyfrom
 .text.packetbuf_attr_copyto
                0x000000000000c450       0x20 contiki-wismote.a(packetbuf.o)
                0x000000000000c450                packetbuf_attr_copyto
 .text.packetbuf_attr_copyfrom
                0x000000000000c470       0x22 contiki-wismote.a(packetbuf.o)